// Jest Snapshot v1, https://goo.gl/fbAQLP

exports[`expect quote to match snapshot 1`] = `
<div
  className="calculator-page"
>
  <div
    className="welcome-txt"
  >
    <h2>
      Let us do some Math !
    </h2>
  </div>
  <div
    className="calculator"
  >
    <div
      className="result"
    >
      <input
        type="text"
        value="0"
      />
    </div>
    <div
      className="row-flex"
    >
      <button
        className="btn"
        onClick={[Function]}
        type="submit"
      >
        AC
      </button>
      <button
        className="btn"
        onClick={[Function]}
        type="submit"
      >
        +/-
      </button>
      <button
        className="btn"
        onClick={[Function]}
        type="submit"
      >
        %
      </button>
      <button
        className="btn"
        onClick={[Function]}
        type="submit"
      >
        รท
      </button>
    </div>
    <div
      className="row-flex"
    >
      <button
        className="btn"
        onClick={[Function]}
        type="submit"
      >
        7
      </button>
      <button
        className="btn"
        onClick={[Function]}
        type="submit"
      >
        8
      </button>
      <button
        className="btn"
        onClick={[Function]}
        type="submit"
      >
        9
      </button>
      <button
        className="btn"
        onClick={[Function]}
        type="submit"
      >
        x
      </button>
    </div>
    <div
      className="row-flex"
    >
      <button
        className="btn"
        onClick={[Function]}
        type="submit"
      >
        4
      </button>
      <button
        className="btn"
        onClick={[Function]}
        type="submit"
      >
        5
      </button>
      <button
        className="btn"
        onClick={[Function]}
        type="submit"
      >
        6
      </button>
      <button
        className="btn"
        onClick={[Function]}
        type="submit"
      >
        -
      </button>
    </div>
    <div
      className="row-flex"
    >
      <button
        className="btn"
        onClick={[Function]}
        type="submit"
      >
        1
      </button>
      <button
        className="btn"
        onClick={[Function]}
        type="submit"
      >
        2
      </button>
      <button
        className="btn"
        onClick={[Function]}
        type="submit"
      >
        3
      </button>
      <button
        className="btn"
        onClick={[Function]}
        type="submit"
      >
        +
      </button>
    </div>
    <div
      className="row-flex"
    >
      <button
        className="btn"
        onClick={[Function]}
        type="submit"
      >
        0
      </button>
      <button
        className="btn"
        onClick={[Function]}
        type="submit"
      >
        .
      </button>
      <button
        className="btn"
        onClick={[Function]}
        type="submit"
      >
        =
      </button>
    </div>
  </div>
</div>
`;
